// Jest Snapshot v1, https://goo.gl/fbAQLP

exports[`<Main /> should render heading 1`] = `
<main
  class="styles__Wrapper-gpQpl jNuxxi"
>
  <img
    alt="Imagem de um átomo e React Avançado escrito ao lado."
    class="styles__Logo-bRCQmF gfoknH"
    src="/img/logo.svg"
  />
  <h1
    class="styles__Title-cLDGnG kwvvSe"
  >
    React Avançado
  </h1>
  <h2
    class="styles__Description-emfJLU iNWknM"
  >
    Typescript, ReactJS, NextJS e Styled Components
  </h2>
  <img
    alt="Um desenvolvedor de frente para uma tela com código."
    class="styles__Illustration-fzyIaq eXEQeT"
    src="/img/hero-illustration.svg"
  />
</main>
`
